<html>
<body>
<pre>
<h1>µVision Build Log</h1>
<h2>Tool Versions:</h2>
IDE-Version: ¦ÌVision V5.24.2.0
Copyright (C) 2017 ARM Ltd and ARM Germany GmbH. All rights reserved.
License Information: A B, C, LIC=QF82M-XR8QU-CX6U6-DJNIA-S24WK-YMLBS
 
Tool Versions:
Toolchain:       MDK-ARM Plus  Version: 5.24.1
Toolchain Path:  D:\keil5\ARM\ARMCC\Bin
C Compiler:      Armcc.exe V5.06 update 5 (build 528)
Assembler:       Armasm.exe V5.06 update 5 (build 528)
Linker/Locator:  ArmLink.exe V5.06 update 5 (build 528)
Library Manager: ArmAr.exe V5.06 update 5 (build 528)
Hex Converter:   FromElf.exe V5.06 update 5 (build 528)
CPU DLL:         SARMCM3.DLL V5.24.1
Dialog DLL:      DCM.DLL V1.16.0.0
Target DLL:      STLink\ST-LINKIII-KEIL_SWO.dll V3.0.1.0
Dialog DLL:      TCM.DLL V1.32.0.0
 
<h2>Project:</h2>
D:\32test\32test\32test\32TEST\FreeRTOS\28-timer\02_nwatch_game_freertos\MDK-ARM\01_freertos_template.uvprojx
Project File Date:  07/17/2026

<h2>Output:</h2>
*** Using Compiler 'V5.06 update 5 (build 528)', folder: 'D:\keil5\ARM\ARMCC\Bin'
Build target '01_freertos_template'
compiling beep.c...
..\nwatch\beep.c(34): warning:  #940-D: missing return statement at end of non-void function "buzzer_init" 
  }
..\nwatch\beep.c(41): warning:  #1-D: last line of file ends without a newline
  }
..\nwatch\beep.c: 2 warnings, 0 errors
compiling game1.c...
..\nwatch\game1.c(378): warning:  #177-D: variable "platformXtmp"  was declared but never referenced
  	byte platformXtmp = platformX;
..\nwatch\game1.c(345): warning:  #177-D: function "btnExit"  was declared but never referenced
  static bool btnExit()
..\nwatch\game1.c(362): warning:  #177-D: function "btnRight"  was declared but never referenced
  static bool btnRight()
..\nwatch\game1.c(368): warning:  #177-D: function "btnLeft"  was declared but never referenced
  static bool btnLeft()
..\nwatch\game1.c(78): warning:  #550-D: variable "g_framebuffer"  was set but never used
  static uint8_t *g_framebuffer;
..\nwatch\game1.c: 5 warnings, 0 errors
compiling freertos.c...
../Core/Src/freertos.c(208): warning:  #128-D: loop is not reachable
      while (1)
../Core/Src/freertos.c(192): warning:  #550-D: variable "ret"  was set but never used
  	BaseType_t ret;
../Core/Src/freertos.c(72): warning:  #177-D: variable "g_pucStackOfLightTask"  was declared but never referenced
  static StackType_t g_pucStackOfLightTask[128];
../Core/Src/freertos.c(73): warning:  #177-D: variable "g_TCBofLightTask"  was declared but never referenced
  static StaticTask_t g_TCBofLightTask;
../Core/Src/freertos.c(74): warning:  #177-D: variable "xLightTaskHandle"  was declared but never referenced
  static TaskHandle_t xLightTaskHandle;
../Core/Src/freertos.c(76): warning:  #177-D: variable "g_pucStackOfColorTask"  was declared but never referenced
  static StackType_t g_pucStackOfColorTask[128];
../Core/Src/freertos.c(77): warning:  #177-D: variable "g_TCBofColorTask"  was declared but never referenced
  static StaticTask_t g_TCBofColorTask;
../Core/Src/freertos.c(78): warning:  #177-D: variable "xColorTaskHandle"  was declared but never referenced
  static TaskHandle_t xColorTaskHandle;
../Core/Src/freertos.c: 8 warnings, 0 errors
linking...
Program Size: Code=29164 RO-data=3008 RW-data=316 ZI-data=16076  
FromELF: creating hex file...
"01_freertos_template\01_freertos_template.axf" - 0 Error(s), 15 Warning(s).

<h2>Software Packages used:</h2>

Package Vendor: ARM
                http://www.keil.com/pack/ARM.CMSIS.5.0.1.pack
                ARM.CMSIS.5.0.1
                CMSIS (Cortex Microcontroller Software Interface Standard)
   * Component: CORE Version: 5.0.1

Package Vendor: Keil
                http://www.keil.com/pack/Keil.STM32F1xx_DFP.2.2.0.pack
                Keil.STM32F1xx_DFP.2.2.0
                STMicroelectronics STM32F1 Series Device Support, Drivers and Examples

<h2>Collection of Component include folders:</h2>
  .\RTE\_01_freertos_template
  D:\keil5\ARM\PACK\ARM\CMSIS\5.0.1\CMSIS\Include
  D:\keil5\ARM\PACK\Keil\STM32F1xx_DFP\2.2.0\Device\Include

<h2>Collection of Component Files used:</h2>

   * Component: ARM::CMSIS:CORE:5.0.1
Build Time Elapsed:  00:00:01
</pre>
</body>
</html>
