<html>
<body>
<pre>
<h1>µVision Build Log</h1>
<h2>Tool Versions:</h2>
IDE-Version: ¦ÌVision V5.24.2.0
Copyright (C) 2017 ARM Ltd and ARM Germany GmbH. All rights reserved.
License Information: 1 luo, 111, LIC=585FJ-U77N6-2ZWW4-FGPQG-IEFBN-4VHA2
 
Tool Versions:
Toolchain:       MDK-ARM Plus  Version: 5.24.1
Toolchain Path:  D:\kei5\ARM\ARMCC\Bin
C Compiler:      Armcc.exe V5.06 update 5 (build 528)
Assembler:       Armasm.exe V5.06 update 5 (build 528)
Linker/Locator:  ArmLink.exe V5.06 update 5 (build 528)
Library Manager: ArmAr.exe V5.06 update 5 (build 528)
Hex Converter:   FromElf.exe V5.06 update 5 (build 528)
CPU DLL:         SARMCM3.DLL V5.24.1
Dialog DLL:      DCM.DLL V1.16.0.0
Target DLL:      STLink\ST-LINKIII-KEIL_SWO.dll V3.0.1.0
Dialog DLL:      TCM.DLL V1.32.0.0
 
<h2>Project:</h2>
D:\zhao\32TEST\FreeRTOS\18_game2_my\MDK-ARM\01_freertos_template.uvprojx
Project File Date:  07/06/2026

<h2>Output:</h2>
*** Using Compiler 'V5.06 update 5 (build 528)', folder: 'D:\kei5\ARM\ARMCC\Bin'
Build target '01_freertos_template'
compiling freertos.c...
../Core/Src/freertos.c(146): warning:  #167-D: argument of type "void (*)(void)" is incompatible with parameter of type "TaskFunction_t"
    xColorTaskHandle = xTaskCreateStatic(ColorLED_Test, "ColorTask", 128, 
ULL, osPriorityNormal, g_pucStackOfColorTask, &g_TCBofColorTask);
../Core/Src/freertos.c(168): warning:  #177-D: variable "dev"  was declared but never referenced
      uint8_t dev, data;
../Core/Src/freertos.c(168): warning:  #177-D: variable "data"  was declared but never referenced
      uint8_t dev, data;
../Core/Src/freertos.c(169): warning:  #177-D: variable "len"  was declared but never referenced
      int len;
../Core/Src/freertos.c(170): warning:  #177-D: variable "bRunning"  was declared but never referenced
  	int bRunning;
../Core/Src/freertos.c(172): warning:  #177-D: variable "xSoundTaskHandle"  was declared but never referenced
  	TaskHandle_t xSoundTaskHandle = NULL;
../Core/Src/freertos.c(173): warning:  #177-D: variable "ret"  was declared but never referenced
  	BaseType_t ret;
../Core/Src/freertos.c(68): warning:  #177-D: variable "g_pucStackOfLightTask"  was declared but never referenced
  static StackType_t g_pucStackOfLightTask[128];
../Core/Src/freertos.c(69): warning:  #177-D: variable "g_TCBofLightTask"  was declared but never referenced
  static StaticTask_t g_TCBofLightTask;
../Core/Src/freertos.c(70): warning:  #177-D: variable "xLightTaskHandle"  was declared but never referenced
  static TaskHandle_t xLightTaskHandle;
../Core/Src/freertos.c(74): warning:  #550-D: variable "xColorTaskHandle"  was set but never used
  static TaskHandle_t xColorTaskHandle;
../Core/Src/freertos.c: 11 warnings, 0 errors
linking...
Program Size: Code=20356 RO-data=2428 RW-data=292 ZI-data=15988  
FromELF: creating hex file...
"01_freertos_template\01_freertos_template.axf" - 0 Error(s), 11 Warning(s).

<h2>Software Packages used:</h2>

Package Vendor: ARM
                http://www.keil.com/pack/ARM.CMSIS.5.0.1.pack
                ARM.CMSIS.5.0.1
                CMSIS (Cortex Microcontroller Software Interface Standard)
   * Component: CORE Version: 5.0.1

Package Vendor: Keil
                http://www.keil.com/pack/Keil.STM32F1xx_DFP.2.3.0.pack
                Keil.STM32F1xx_DFP.2.3.0
                STMicroelectronics STM32F1 Series Device Support, Drivers and Examples

<h2>Collection of Component include folders:</h2>
  .\RTE\_01_freertos_template
  D:\kei5\ARM\PACK\ARM\CMSIS\5.0.1\CMSIS\Include
  D:\kei5\ARM\PACK\Keil\STM32F1xx_DFP\2.3.0\Device\Include

<h2>Collection of Component Files used:</h2>

   * Component: ARM::CMSIS:CORE:5.0.1
Build Time Elapsed:  00:00:03
</pre>
</body>
</html>
